AR registro behavioral C:/Users/usuario_local/Xilinx/Practica5/registro.vhd sub00/vhpl01 1450292051
EN registro_4bit NULL C:/Users/usuario_local/Xilinx/Practica5/registro_4bit.vhd sub00/vhpl18 1450292052
EN registro_1bit NULL C:/Users/usuario_local/Xilinx/Practica5/registro_1bit.vhd sub00/vhpl10 1450292064
AR black_jack estructural C:/Users/usuario_local/Xilinx/Practica5/black_jack.vhd sub00/vhpl17 1450292071
EN data_path NULL C:/Users/usuario_local/Xilinx/Practica5/data_path.vhd sub00/vhpl14 1450292068
AR data_path estructural C:/Users/usuario_local/Xilinx/Practica5/data_path.vhd sub00/vhpl15 1450292069
AR conv_7seg behavioral C:/Users/usuario_local/Xilinx/Practica5/conv_7seg.vhd sub00/vhpl09 1450292061
EN black_jack NULL C:/Users/usuario_local/Xilinx/Practica5/black_jack.vhd sub00/vhpl16 1450292070
AR registro_4bit behavioral C:/Users/usuario_local/Xilinx/Practica5/registro_4bit.vhd sub00/vhpl19 1450292053
EN sumador_restador NULL C:/Users/usuario_local/Xilinx/Practica5/sumador_restador.vhd sub00/vhpl20 1450292062
AR rams circuito C:/Users/usuario_local/Xilinx/Practica5/rams.vhd sub00/vhpl03 1450292055
EN conversor NULL C:/Users/usuario_local/Xilinx/Practica5/conversor.vhd sub00/vhpl06 1450292058
AR registro_1bit behavioral C:/Users/usuario_local/Xilinx/Practica5/registro_1bit.vhd sub00/vhpl11 1450292065
EN conv_7seg NULL C:/Users/usuario_local/Xilinx/Practica5/conv_7seg.vhd sub00/vhpl08 1450292060
AR conversor behavioral C:/Users/usuario_local/Xilinx/Practica5/conversor.vhd sub00/vhpl07 1450292059
EN rams NULL C:/Users/usuario_local/Xilinx/Practica5/rams.vhd sub00/vhpl02 1450292054
EN contador NULL C:/Users/usuario_local/Xilinx/Practica5/contador.vhd sub00/vhpl04 1450292056
EN controller NULL C:/Users/usuario_local/Xilinx/Practica5/controller.vhd sub00/vhpl12 1450292066
AR controller behavioral C:/Users/usuario_local/Xilinx/Practica5/controller.vhd sub00/vhpl13 1450292067
AR sumador_restador behavioral C:/Users/usuario_local/Xilinx/Practica5/sumador_restador.vhd sub00/vhpl21 1450292063
AR contador behavioral C:/Users/usuario_local/Xilinx/Practica5/contador.vhd sub00/vhpl05 1450292057
EN registro NULL C:/Users/usuario_local/Xilinx/Practica5/registro.vhd sub00/vhpl00 1450292050
