AR sumador_restador_n behavioral C:/Xilinx/Practica4definitiva/sumador_restador_N.vhd sub00/vhpl21 1448465250
AR registro behavioral C:/Xilinx/Practica4definitiva/registro.vhd sub00/vhpl01 1448463713
AR registro_coc_n behavioral C:/Xilinx/Practica4definitiva/registro_coc_N.vhd sub00/vhpl19 1448465248
EN divider NULL C:/Xilinx/Practica4definitiva/divider.vhd sub00/vhpl24 1448465255
AR registro_des_n behavioral C:/Xilinx/Practica4definitiva/registro_des_N.vhd sub00/vhpl17 1448465246
EN data_path NULL C:/Xilinx/Practica4definitiva/data_path.vhd sub00/vhpl10 1448463722
EN divider_sin NULL C:/Xilinx/Practica4definitiva/divider_sin.vhd sub00/vhpl12 1448463724
AR data_path estructural C:/Xilinx/Practica4definitiva/data_path.vhd sub00/vhpl11 1448463723
AR divider_sin estructural C:/Xilinx/Practica4definitiva/divider_sin.vhd sub00/vhpl13 1448463725
EN registro_des_n NULL C:/Xilinx/Practica4definitiva/registro_des_N.vhd sub00/vhpl16 1448465245
EN registro_des NULL C:/Xilinx/Practica4definitiva/registro_des.vhd sub00/vhpl02 1448463714
EN registro_coc NULL C:/Xilinx/Practica4definitiva/registro_coc.vhd sub00/vhpl04 1448463716
AR data_path_n estructural C:/Xilinx/Practica4definitiva/data_path_N.vhd sub00/vhpl23 1448465254
EN registro_coc_n NULL C:/Xilinx/Practica4definitiva/registro_coc_N.vhd sub00/vhpl18 1448465247
AR registro_des behavioral C:/Xilinx/Practica4definitiva/registro_des.vhd sub00/vhpl03 1448463715
EN sumador_restador NULL C:/Xilinx/Practica4definitiva/sumador_restador.vhd sub00/vhpl06 1448463718
EN data_path_n NULL C:/Xilinx/Practica4definitiva/data_path_N.vhd sub00/vhpl22 1448465253
AR registro_n behavioral C:/Xilinx/Practica4definitiva/registro_N.vhd sub00/vhpl15 1448465244
AR divider estructural C:/Xilinx/Practica4definitiva/divider.vhd sub00/vhpl25 1448465256
EN sumador_restador_n NULL C:/Xilinx/Practica4definitiva/sumador_restador_N.vhd sub00/vhpl20 1448465249
AR registro_coc behavioral C:/Xilinx/Practica4definitiva/registro_coc.vhd sub00/vhpl05 1448463717
EN controller NULL C:/Xilinx/Practica4definitiva/controller.vhd sub00/vhpl08 1448465251
EN registro_n NULL C:/Xilinx/Practica4definitiva/registro_N.vhd sub00/vhpl14 1448465243
AR controller behavioral C:/Xilinx/Practica4definitiva/controller.vhd sub00/vhpl09 1448465252
AR sumador_restador behavioral C:/Xilinx/Practica4definitiva/sumador_restador.vhd sub00/vhpl07 1448463719
EN registro NULL C:/Xilinx/Practica4definitiva/registro.vhd sub00/vhpl00 1448463712
