V3 50
FL C:/Xilinx/Practica4definitiva/controller.vhd 2015/11/25.15:21:03 P.20131013
EN work/controller 1448465251 FL C:/Xilinx/Practica4definitiva/controller.vhd \
      PB ieee/std_logic_1164 1381692176 PB ieee/NUMERIC_STD 1381692181
AR work/controller/Behavioral 1448465252 \
      FL C:/Xilinx/Practica4definitiva/controller.vhd EN work/controller 1448465251
FL C:/Xilinx/Practica4definitiva/data_path.vhd 2015/11/25.15:23:44 P.20131013
EN work/data_path 1448463722 FL C:/Xilinx/Practica4definitiva/data_path.vhd \
      PB ieee/std_logic_1164 1381692176 PB ieee/NUMERIC_STD 1381692181
AR work/data_path/estructural 1448463723 \
      FL C:/Xilinx/Practica4definitiva/data_path.vhd EN work/data_path 1448463722 \
      CP registro CP registro_des CP registro_coc CP sumador_restador
FL C:/Xilinx/Practica4definitiva/data_path_N.vhd 2015/11/25.16:26:14 P.20131013
EN work/data_path_N 1448465253 FL C:/Xilinx/Practica4definitiva/data_path_N.vhd \
      PB ieee/std_logic_1164 1381692176 PB ieee/NUMERIC_STD 1381692181
AR work/data_path_N/estructural 1448465254 \
      FL C:/Xilinx/Practica4definitiva/data_path_N.vhd EN work/data_path_N 1448465253 \
      CP registro_N CP registro_des_N CP registro_coc_N CP sumador_restador_N
FL C:/Xilinx/Practica4definitiva/divider.vhd 2015/11/25.16:25:33 P.20131013
EN work/divider 1448465255 FL C:/Xilinx/Practica4definitiva/divider.vhd \
      PB ieee/std_logic_1164 1381692176 PB ieee/NUMERIC_STD 1381692181
AR work/divider/estructural 1448465256 \
      FL C:/Xilinx/Practica4definitiva/divider.vhd EN work/divider 1448465255 \
      CP controller CP data_path_N
FL C:/Xilinx/Practica4definitiva/divider_sin.vhd 2015/11/25.15:16:20 P.20131013
EN work/divider_sin 1448463724 FL C:/Xilinx/Practica4definitiva/divider_sin.vhd \
      PB ieee/std_logic_1164 1381692176 PB ieee/NUMERIC_STD 1381692181
AR work/divider_sin/estructural 1448463725 \
      FL C:/Xilinx/Practica4definitiva/divider_sin.vhd EN work/divider_sin 1448463724 \
      CP controller CP data_path
FL C:/Xilinx/Practica4definitiva/registro.vhd 2015/11/25.15:25:01 P.20131013
EN work/registro 1448463712 FL C:/Xilinx/Practica4definitiva/registro.vhd \
      PB ieee/std_logic_1164 1381692176 PB ieee/NUMERIC_STD 1381692181
AR work/registro/Behavioral 1448463713 \
      FL C:/Xilinx/Practica4definitiva/registro.vhd EN work/registro 1448463712
FL C:/Xilinx/Practica4definitiva/registro_coc.vhd 2015/11/25.15:27:10 P.20131013
EN work/registro_coc 1448463716 FL C:/Xilinx/Practica4definitiva/registro_coc.vhd \
      PB ieee/std_logic_1164 1381692176 PB ieee/NUMERIC_STD 1381692181
AR work/registro_coc/Behavioral 1448463717 \
      FL C:/Xilinx/Practica4definitiva/registro_coc.vhd EN work/registro_coc 1448463716
FL C:/Xilinx/Practica4definitiva/registro_coc_N.vhd 2015/11/25.16:26:52 P.20131013
EN work/registro_coc_N 1448465247 \
      FL C:/Xilinx/Practica4definitiva/registro_coc_N.vhd PB ieee/std_logic_1164 1381692176 \
      PB ieee/NUMERIC_STD 1381692181
AR work/registro_coc_N/Behavioral 1448465248 \
      FL C:/Xilinx/Practica4definitiva/registro_coc_N.vhd EN work/registro_coc_N 1448465247
FL C:/Xilinx/Practica4definitiva/registro_des.vhd 2015/11/25.15:26:14 P.20131013
EN work/registro_des 1448463714 FL C:/Xilinx/Practica4definitiva/registro_des.vhd \
      PB ieee/std_logic_1164 1381692176 PB ieee/NUMERIC_STD 1381692181
AR work/registro_des/Behavioral 1448463715 \
      FL C:/Xilinx/Practica4definitiva/registro_des.vhd EN work/registro_des 1448463714
FL C:/Xilinx/Practica4definitiva/registro_des_N.vhd 2015/11/25.16:26:42 P.20131013
EN work/registro_des_N 1448465245 \
      FL C:/Xilinx/Practica4definitiva/registro_des_N.vhd PB ieee/std_logic_1164 1381692176 \
      PB ieee/NUMERIC_STD 1381692181
AR work/registro_des_N/Behavioral 1448465246 \
      FL C:/Xilinx/Practica4definitiva/registro_des_N.vhd EN work/registro_des_N 1448465245
FL C:/Xilinx/Practica4definitiva/registro_N.vhd 2015/11/25.16:26:28 P.20131013
EN work/registro_N 1448465243 FL C:/Xilinx/Practica4definitiva/registro_N.vhd \
      PB ieee/std_logic_1164 1381692176 PB ieee/NUMERIC_STD 1381692181
AR work/registro_N/Behavioral 1448465244 \
      FL C:/Xilinx/Practica4definitiva/registro_N.vhd EN work/registro_N 1448465243
FL C:/Xilinx/Practica4definitiva/sumador_restador.vhd 2015/11/25.15:28:05 P.20131013
EN work/sumador_restador 1448463718 \
      FL C:/Xilinx/Practica4definitiva/sumador_restador.vhd \
      PB ieee/std_logic_1164 1381692176 PB ieee/NUMERIC_STD 1381692181
AR work/sumador_restador/Behavioral 1448463719 \
      FL C:/Xilinx/Practica4definitiva/sumador_restador.vhd \
      EN work/sumador_restador 1448463718
FL C:/Xilinx/Practica4definitiva/sumador_restador_N.vhd 2015/11/25.16:27:04 P.20131013
EN work/sumador_restador_N 1448465249 \
      FL C:/Xilinx/Practica4definitiva/sumador_restador_N.vhd \
      PB ieee/std_logic_1164 1381692176 PB ieee/NUMERIC_STD 1381692181
AR work/sumador_restador_N/Behavioral 1448465250 \
      FL C:/Xilinx/Practica4definitiva/sumador_restador_N.vhd \
      EN work/sumador_restador_N 1448465249
