V3 3
FL C:/Xilinx/Problema6/Lavaplatos.vhd 2015/12/19.14:08:42 P.20131013
EN work/Lavaplatos 1450530532 FL C:/Xilinx/Problema6/Lavaplatos.vhd \
      PB ieee/std_logic_1164 1381692176
AR work/Lavaplatos/Behavioral 1450530533 \
      FL C:/Xilinx/Problema6/Lavaplatos.vhd EN work/Lavaplatos 1450530532
