EN contador_mod6 NULL C:/Xilinx/Problema11/contador_mod6.vhd sub00/vhpl02 1450872689
AR conv_serie_paralelo behavioral C:/Xilinx/Problema11/conv_serie_paralelo.vhd sub00/vhpl05 1450872692
EN conv_serie_paralelo NULL C:/Xilinx/Problema11/conv_serie_paralelo.vhd sub00/vhpl04 1450872691
AR contador_mod6 behavioral C:/Xilinx/Problema11/contador_mod6.vhd sub00/vhpl03 1450872690
EN registro_despl NULL C:/Xilinx/Problema11/registro_despl.vhd sub00/vhpl00 1450872687
AR registro_despl behavioral C:/Xilinx/Problema11/registro_despl.vhd sub00/vhpl01 1450872688
