V3 3
FL C:/Xilinx/Problema3/Multiplicarx3.vhd 2015/12/19.13:05:38 P.20131013
EN work/Multiplicarx3 1450526746 FL C:/Xilinx/Problema3/Multiplicarx3.vhd \
      PB ieee/std_logic_1164 1381692176 PB ieee/NUMERIC_STD 1381692181
AR work/Multiplicarx3/Behavioral 1450526747 \
      FL C:/Xilinx/Problema3/Multiplicarx3.vhd EN work/Multiplicarx3 1450526746
