EN circuitoxor3 NULL C:/Xilinx/Problema4/Circuitoxor3.vhd sub00/vhpl02 1450527069
EN puertaxor2 NULL C:/Xilinx/Problema4/Xor2.vhd sub00/vhpl00 1450527067
AR puertaxor2 behavioral C:/Xilinx/Problema4/Xor2.vhd sub00/vhpl01 1450527068
AR circuitoxor3 behavioral C:/Xilinx/Problema4/Circuitoxor3.vhd sub00/vhpl03 1450527070
